#-----------------------------------------------------------
# Vivado v2012.3 (64-bit)
# Build 209282 by xbuild on Thu Oct 18 20:46:04 MDT 2012
# Start of session at: Wed Nov 14 13:09:57 2012
# Process ID: 6122
# Log file: /home/cms/projects/mm705/vivado.log
# Journal file: /home/cms/projects/mm705/vivado.jou
#-----------------------------------------------------------
start_gui
open_project /home/cms/projects/mm705/mm705/mm705.xpr
update_compile_order -fileset sources_1
update_files -from_files /home/cms/projects/mm705/rtl/mkSender.v -to_files /home/cms/projects/mm705/mm705/mm705.srcs/sources_1/imports/rtl/mkSender.v -filesets [get_filesets *]
update_files -from_files /home/cms/projects/mm705/rtl/mkReceiver.v -to_files /home/cms/projects/mm705/mm705/mm705.srcs/sources_1/imports/mm705/rtl/mkReceiver.v -filesets [get_filesets *]
update_files -from_files /home/cms/projects/mm705/rtl/mkMLProducer.v -to_files /home/cms/projects/mm705/mm705/mm705.srcs/sources_1/imports/mm705/rtl/mkMLProducer.v -filesets [get_filesets *]
update_files -from_files /home/cms/projects/mm705/rtl/mkMLProducer.v -to_files /home/cms/projects/mm705/mm705/mm705.srcs/sources_1/imports/mm705/rtl/mkMLProducer.v -filesets [get_filesets *]
update_files -from_files /home/cms/projects/mm705/rtl/mkFDU.v -to_files /home/cms/projects/mm705/mm705/mm705.srcs/sources_1/imports/mm705/rtl/mkFDU.v -filesets [get_filesets *]
update_files -from_files /home/cms/projects/mm705/rtl/mkFAU.v -to_files /home/cms/projects/mm705/mm705/mm705.srcs/sources_1/imports/mm705/rtl/mkFAU.v -filesets [get_filesets *]
update_files -from_files /home/cms/projects/mm705/rtl/mkMLConsumer.v -to_files /home/cms/projects/mm705/mm705/mm705.srcs/sources_1/imports/mm705/rtl/mkMLConsumer.v -filesets [get_filesets *]
update_files -from_files /home/cms/projects/mm705/rtl/mkFTop_mm705.v -to_files /home/cms/projects/mm705/mm705/mm705.srcs/sources_1/imports/mm705/rtl/mkFTop_mm705.v -filesets [get_filesets *]
reset_run synth_1
launch_runs synth_1
wait_on_run synth_1
launch_runs impl_1
wait_on_run impl_1
open_run impl_1
report_timing_summary -delay_type min_max -report_unconstrained -check_timing_verbose -max_paths 10 -input_pins -name timing_1
update_files -from_files /home/cms/projects/mm705/rtl/mkSender.v -to_files /home/cms/projects/mm705/mm705/mm705.srcs/sources_1/imports/rtl/mkSender.v -filesets [get_filesets *]
update_files -from_files /home/cms/projects/mm705/rtl/mkFTop_mm705.v -to_files /home/cms/projects/mm705/mm705/mm705.srcs/sources_1/imports/mm705/rtl/mkFTop_mm705.v -filesets [get_filesets *]
reset_run synth_1
launch_runs synth_1
wait_on_run synth_1
launch_runs impl_1
wait_on_run impl_1
